{"synthetic": false,
 "schemaVersion": "2025-09-10",
 "outputs":
 {"o": ["4ecc6fae1d9325d7.olean"],
  "i": "f20c66c595fabfc0.ilean",
  "c": "9b15ca3fe253b813.c"},
 "log":
 [{"message":
   ".> LEAN_PATH=/home/admin/Desktop/mark/proofs/.lake/packages/Cli/.lake/build/lib/lean:/home/admin/Desktop/mark/proofs/.lake/packages/batteries/.lake/build/lib/lean:/home/admin/Desktop/mark/proofs/.lake/packages/Qq/.lake/build/lib/lean:/home/admin/Desktop/mark/proofs/.lake/packages/aesop/.lake/build/lib/lean:/home/admin/Desktop/mark/proofs/.lake/packages/proofwidgets/.lake/build/lib/lean:/home/admin/Desktop/mark/proofs/.lake/packages/importGraph/.lake/build/lib/lean:/home/admin/Desktop/mark/proofs/.lake/packages/LeanSearchClient/.lake/build/lib/lean:/home/admin/Desktop/mark/proofs/.lake/packages/plausible/.lake/build/lib/lean:/home/admin/Desktop/mark/proofs/.lake/packages/mathlib/.lake/build/lib/lean:/home/admin/Desktop/mark/proofs/.lake/build/lib/lean /home/admin/.elan/toolchains/leanprover--lean4---v4.28.0/bin/lean /home/admin/Desktop/mark/proofs/Proofs/Aqs.lean -o /home/admin/Desktop/mark/proofs/.lake/build/lib/lean/Proofs/Aqs.olean -i /home/admin/Desktop/mark/proofs/.lake/build/lib/lean/Proofs/Aqs.ilean -c /home/admin/Desktop/mark/proofs/.lake/build/ir/Proofs/Aqs.c --setup /home/admin/Desktop/mark/proofs/.lake/build/ir/Proofs/Aqs.setup.json --json",
   "level": "trace"}],
 "inputs":
 [["Proofs.Aqs:deps",
   [["deps",
     [["proofs/Proofs:extraDep", [["@proofs:extraDep", "00000000000006bb"]]],
      ["imports",
       [["Mathlib.Data.Real.Basic transitive imports (legacy)",
         "e99232c582a80006"],
        ["Mathlib.Data.Real.Basic:importAllArts", "cb66a25f329c2b11"],
        ["Mathlib.Data.Matrix.Basic transitive imports (legacy)",
         "7aa1b6eb92070f14"],
        ["Mathlib.Data.Matrix.Basic:importAllArts", "900dcaab485ae851"],
        ["Mathlib.LinearAlgebra.Matrix.PosDef transitive imports (legacy)",
         "2a8c9164d5dfd94c"],
        ["Mathlib.LinearAlgebra.Matrix.PosDef:importAllArts",
         "3fa174412f9f5f61"],
        ["Mathlib.Data.Real.StarOrdered transitive imports (legacy)",
         "a01d4bf327a8acef"],
        ["Mathlib.Data.Real.StarOrdered:importAllArts", "6675daecf8931803"]]]]],
    ["libs",
     [["import dynlibs", "00000000000006bb"],
      ["package external libraries", "00000000000006bb"],
      ["module dynlibs", "00000000000006bb"],
      ["module plugins", "00000000000006bb"]]]]],
  ["Lean 4.28.0, commit 7e01a1bf5c70fc6167d49c345d3bf80596e9a79b",
   "a96bc04a2e5e9630"],
  ["/home/admin/Desktop/mark/proofs/Proofs/Aqs.lean", "a36ce1ed275b9f32"],
  ["options",
   [["-DmaxSynthPendingDepth=3", "c78e353d34de85d4"],
    ["-Dweak.linter.mathlibStandardSet=true", "8a155799906f2b42"],
    ["-DrelaxedAutoImplicit=false", "74a2b5546b55be80"],
    ["-Dpp.unicode.fun=true", "9b94070140457fab"]]],
  ["Module.leanArgs: #[]", "00000000000006bb"]],
 "depHash": "757cbbebc79231a7"}