{"synthetic": false,
 "schemaVersion": "2025-09-10",
 "outputs":
 {"o": ["1b60a9685ca66045.olean"],
  "i": "a622ab2847ae8f26.ilean",
  "c": "0d8158c94349eb8a.c"},
 "log":
 [{"message":
   ".> LEAN_PATH=/home/admin/Desktop/mark/proofs/.lake/packages/Cli/.lake/build/lib/lean:/home/admin/Desktop/mark/proofs/.lake/packages/batteries/.lake/build/lib/lean:/home/admin/Desktop/mark/proofs/.lake/packages/Qq/.lake/build/lib/lean:/home/admin/Desktop/mark/proofs/.lake/packages/aesop/.lake/build/lib/lean:/home/admin/Desktop/mark/proofs/.lake/packages/proofwidgets/.lake/build/lib/lean:/home/admin/Desktop/mark/proofs/.lake/packages/importGraph/.lake/build/lib/lean:/home/admin/Desktop/mark/proofs/.lake/packages/LeanSearchClient/.lake/build/lib/lean:/home/admin/Desktop/mark/proofs/.lake/packages/plausible/.lake/build/lib/lean:/home/admin/Desktop/mark/proofs/.lake/packages/mathlib/.lake/build/lib/lean:/home/admin/Desktop/mark/proofs/.lake/build/lib/lean /home/admin/.elan/toolchains/leanprover--lean4---v4.28.0/bin/lean /home/admin/Desktop/mark/proofs/Proofs/ParamBounds.lean -o /home/admin/Desktop/mark/proofs/.lake/build/lib/lean/Proofs/ParamBounds.olean -i /home/admin/Desktop/mark/proofs/.lake/build/lib/lean/Proofs/ParamBounds.ilean -c /home/admin/Desktop/mark/proofs/.lake/build/ir/Proofs/ParamBounds.c --setup /home/admin/Desktop/mark/proofs/.lake/build/ir/Proofs/ParamBounds.setup.json --json",
   "level": "trace"}],
 "inputs":
 [["Proofs.ParamBounds:deps",
   [["deps",
     [["proofs/Proofs:extraDep", [["@proofs:extraDep", "00000000000006bb"]]],
      ["imports",
       [["Mathlib.Data.Real.Basic transitive imports (legacy)",
         "e99232c582a80006"],
        ["Mathlib.Data.Real.Basic:importAllArts", "cb66a25f329c2b11"],
        ["Mathlib.Analysis.SpecialFunctions.Trigonometric.Basic transitive imports (legacy)",
         "317edd7a884181c4"],
        ["Mathlib.Analysis.SpecialFunctions.Trigonometric.Basic:importAllArts",
         "2c43da5fd7860426"]]]]],
    ["libs",
     [["import dynlibs", "00000000000006bb"],
      ["package external libraries", "00000000000006bb"],
      ["module dynlibs", "00000000000006bb"],
      ["module plugins", "00000000000006bb"]]]]],
  ["Lean 4.28.0, commit 7e01a1bf5c70fc6167d49c345d3bf80596e9a79b",
   "a96bc04a2e5e9630"],
  ["/home/admin/Desktop/mark/proofs/Proofs/ParamBounds.lean",
   "c33c049dcfab1e13"],
  ["options",
   [["-DmaxSynthPendingDepth=3", "c78e353d34de85d4"],
    ["-Dweak.linter.mathlibStandardSet=true", "8a155799906f2b42"],
    ["-DrelaxedAutoImplicit=false", "74a2b5546b55be80"],
    ["-Dpp.unicode.fun=true", "9b94070140457fab"]]],
  ["Module.leanArgs: #[]", "00000000000006bb"]],
 "depHash": "8838f213532c1248"}