{"synthetic": false,
 "schemaVersion": "2025-09-10",
 "outputs":
 {"o": ["a344790c9ddceab1.olean"],
  "i": "a85a52a60b329cfe.ilean",
  "c": "df687bca3a61b4b3.c"},
 "log":
 [{"message":
   ".> LEAN_PATH=/home/admin/Desktop/mark/proofs/.lake/packages/Cli/.lake/build/lib/lean:/home/admin/Desktop/mark/proofs/.lake/packages/batteries/.lake/build/lib/lean:/home/admin/Desktop/mark/proofs/.lake/packages/Qq/.lake/build/lib/lean:/home/admin/Desktop/mark/proofs/.lake/packages/aesop/.lake/build/lib/lean:/home/admin/Desktop/mark/proofs/.lake/packages/proofwidgets/.lake/build/lib/lean:/home/admin/Desktop/mark/proofs/.lake/packages/importGraph/.lake/build/lib/lean:/home/admin/Desktop/mark/proofs/.lake/packages/LeanSearchClient/.lake/build/lib/lean:/home/admin/Desktop/mark/proofs/.lake/packages/plausible/.lake/build/lib/lean:/home/admin/Desktop/mark/proofs/.lake/packages/mathlib/.lake/build/lib/lean:/home/admin/Desktop/mark/proofs/.lake/build/lib/lean /home/admin/.elan/toolchains/leanprover--lean4---v4.28.0/bin/lean /home/admin/Desktop/mark/proofs/Proofs.lean -o /home/admin/Desktop/mark/proofs/.lake/build/lib/lean/Proofs.olean -i /home/admin/Desktop/mark/proofs/.lake/build/lib/lean/Proofs.ilean -c /home/admin/Desktop/mark/proofs/.lake/build/ir/Proofs.c --setup /home/admin/Desktop/mark/proofs/.lake/build/ir/Proofs.setup.json --json",
   "level": "trace"}],
 "inputs":
 [["Proofs:deps",
   [["deps",
     [["proofs/Proofs:extraDep", [["@proofs:extraDep", "00000000000006bb"]]],
      ["imports",
       [["Proofs.Aqs transitive imports (legacy)", "38384f756eddc1d8"],
        ["Proofs.Aqs:importAllArts", "5cc8da5bdc2a495e"],
        ["Proofs.OperatorIdentifiability transitive imports (legacy)",
         "12c1ba7185138d42"],
        ["Proofs.OperatorIdentifiability:importAllArts", "a8adc98010b09503"],
        ["Proofs.ZohStability transitive imports (legacy)", "85959fa706520d70"],
        ["Proofs.ZohStability:importAllArts", "24af185e0f6db9d6"]]]]],
    ["libs",
     [["import dynlibs", "00000000000006bb"],
      ["package external libraries", "00000000000006bb"],
      ["module dynlibs", "00000000000006bb"],
      ["module plugins", "00000000000006bb"]]]]],
  ["Lean 4.28.0, commit 7e01a1bf5c70fc6167d49c345d3bf80596e9a79b",
   "a96bc04a2e5e9630"],
  ["/home/admin/Desktop/mark/proofs/Proofs.lean", "cc5d6e70c2f7088c"],
  ["options",
   [["-DmaxSynthPendingDepth=3", "c78e353d34de85d4"],
    ["-Dweak.linter.mathlibStandardSet=true", "8a155799906f2b42"],
    ["-DrelaxedAutoImplicit=false", "74a2b5546b55be80"],
    ["-Dpp.unicode.fun=true", "9b94070140457fab"]]],
  ["Module.leanArgs: #[]", "00000000000006bb"]],
 "depHash": "44939a0977412367"}